// Jest Snapshot v1, https://goo.gl/fbAQLP

exports[`<HelpfulWebsitesContent /> renders correctly 1`] = `
<Grid>
  <GridRow
    centered={true}
  >
    <GridColumn
      width={4}
    >
      <img
        alt="Tayyib Stocks Logo"
        src="dowjones_logo.png"
      />
    </GridColumn>
    <GridColumn
      width={9}
    >
      The Dow Jones Islamic Market Index screens for Shar’iah Compliance was used as a basis for developing this web application. Pages 1 and 2 of this document describe their stock screening procedure.
    </GridColumn>
  </GridRow>
  <GridRow
    centered={true}
  >
    <GridColumn
      width={4}
    >
      <img
        alt="Tayyib Stocks Logo"
        src="trefis_logo.png"
      />
    </GridColumn>
    <GridColumn
      width={9}
    >
      Trefis is an excellent website which can be used to understand how the different product lines and divisions of a company affect their stock price. It also gives the user an idea as to which indusry or product the company deals with primarily. This information can be useful when trying to apply the "Industry Screen" to a stock.
    </GridColumn>
  </GridRow>
  <GridRow
    centered={true}
  >
    <GridColumn
      width={4}
    >
      <img
        alt="Tayyib Stocks Logo"
        src="google_finance_logo.png"
      />
    </GridColumn>
    <GridColumn
      width={9}
    >
      Google Finance is useful for obtaining all types of financial data for various publicly traded companies across the globe. This financial data can be used to re-calculate the financial ratios being presented here for double checking the results. Moreover, all the data is free for the general public viewing.
    </GridColumn>
  </GridRow>
  <GridRow
    centered={true}
  >
    <GridColumn
      width={4}
    >
      <img
        alt="Tayyib Stocks Logo"
        src="seeking_alpha_logo.png"
      />
    </GridColumn>
    <GridColumn
      width={9}
    >
      Seeking Alpha is the latest news, updates and discussions on your favourite stocks. It is also possible to get real time email alerts for stocks of interest, email newsletters and apps for mobile devices.
    </GridColumn>
  </GridRow>
  <GridRow
    centered={true}
  >
    <GridColumn
      width={4}
    >
      <img
        alt="Tayyib Stocks Logo"
        src="sanlam_logo.png"
      />
    </GridColumn>
    <GridColumn
      width={9}
    >
      Sanlam is an alternate source describing the process of identifying and investing in Shar’iah Compliant organizations.
    </GridColumn>
  </GridRow>
</Grid>
`;
