// Jest Snapshot v1, https://goo.gl/fbAQLP

exports[`<Navbar /> renders correctly 1`] = `
<styled.div
  secondary={true}
>
  <Styled(Link)
    to="/home"
  >
    Home
  </Styled(Link)>
  <Styled(Link)
    to="/about_us"
  >
    About Us
  </Styled(Link)>
  <Styled(Link)
    to="/shariah_compliance"
  >
    Shariah Compliance
  </Styled(Link)>
  <Styled(Link)
    to="/helpful_websites"
  >
    Helpful Websites
  </Styled(Link)>
  <Styled(Link)
    to="/contact_us"
  >
    Contact Us
  </Styled(Link)>
</styled.div>
`;
