// Jest Snapshot v1, https://goo.gl/fbAQLP

exports[`<Footer /> renders correctly 1`] = `
<Styled(Menu)
  fluid={true}
  secondary={true}
>
  <Styled(MenuItem)>
    Copyright © Tayyib Stocks
  </Styled(MenuItem)>
  <MenuMenu
    position="right"
  >
    <Styled(MenuItem)
      href="https://www.facebook.com/groups/1387536778189499"
      target="_blank"
    >
      <Styled(Icon)
        name="facebook"
        position="right"
      />
    </Styled(MenuItem)>
  </MenuMenu>
</Styled(Menu)>
`;
